run     : 33980792803
branche : feat/vitrine-mali
commit  : 4b62a01a82db51c90d992041f96deb02c324457c
build   : success
migration: skipped
test    : success
------------------------------------------------------------------------
  Determining projects to restore...
  Restored /home/runner/work/gestion-boutique-fashion/gestion-boutique-fashion/src/BoutiqueFashion.Contracts/BoutiqueFashion.Contracts.csproj (in 129 ms).
  Restored /home/runner/work/gestion-boutique-fashion/gestion-boutique-fashion/src/BoutiqueFashion.Domain/BoutiqueFashion.Domain.csproj (in 112 ms).
  Restored /home/runner/work/gestion-boutique-fashion/gestion-boutique-fashion/src/BoutiqueFashion.Server/BoutiqueFashion.Server.csproj (in 1.71 sec).
  BoutiqueFashion.Domain -> /home/runner/work/gestion-boutique-fashion/gestion-boutique-fashion/src/BoutiqueFashion.Domain/bin/Release/net10.0/BoutiqueFashion.Domain.dll
  BoutiqueFashion.Contracts -> /home/runner/work/gestion-boutique-fashion/gestion-boutique-fashion/src/BoutiqueFashion.Contracts/bin/Release/net10.0/BoutiqueFashion.Contracts.dll
  BoutiqueFashion.Server -> /home/runner/work/gestion-boutique-fashion/gestion-boutique-fashion/src/BoutiqueFashion.Server/bin/Release/net10.0/BoutiqueFashion.Server.dll

Build succeeded.
    0 Warning(s)
    0 Error(s)

Time Elapsed 00:00:16.60
  Determining projects to restore...
  Restored /home/runner/work/gestion-boutique-fashion/gestion-boutique-fashion/tests/BoutiqueFashion.Server.Tests/BoutiqueFashion.Server.Tests.csproj (in 1.73 sec).
  3 of 4 projects are up-to-date for restore.
  BoutiqueFashion.Domain -> /home/runner/work/gestion-boutique-fashion/gestion-boutique-fashion/src/BoutiqueFashion.Domain/bin/Release/net10.0/BoutiqueFashion.Domain.dll
  BoutiqueFashion.Contracts -> /home/runner/work/gestion-boutique-fashion/gestion-boutique-fashion/src/BoutiqueFashion.Contracts/bin/Release/net10.0/BoutiqueFashion.Contracts.dll
  BoutiqueFashion.Server -> /home/runner/work/gestion-boutique-fashion/gestion-boutique-fashion/src/BoutiqueFashion.Server/bin/Release/net10.0/BoutiqueFashion.Server.dll
  BoutiqueFashion.Server.Tests -> /home/runner/work/gestion-boutique-fashion/gestion-boutique-fashion/tests/BoutiqueFashion.Server.Tests/bin/Release/net10.0/BoutiqueFashion.Server.Tests.dll
Test run for /home/runner/work/gestion-boutique-fashion/gestion-boutique-fashion/tests/BoutiqueFashion.Server.Tests/bin/Release/net10.0/BoutiqueFashion.Server.Tests.dll (.NETCoreApp,Version=v10.0)
A total of 1 test files matched the specified pattern.

Passed!  - Failed:     0, Passed:    68, Skipped:     0, Total:    68, Duration: 4 s - BoutiqueFashion.Server.Tests.dll (net10.0)
